05-14 14:44:48.825  1806  1806 D M90StubSerial: [PROTOCOL_RX][legacy-main-advance_station-advance-station-site-rx] stub recv echo on ttyS3: 55 06 40 00 35 00 00 00 00 00 00 00 00 00 00 00 00 00 00 00 00 00 00 00 00 00 00 00 01 00 00 00 62 6A 6C 6A 74 6C 6B 00 00 00 00 00 00 00 00 00 00 00 00 00 60 6F 05 6A 07 00 00 00 00 00 00 00 00 00 00 00 03 AA
05-14 14:44:48.826  1806  1806 I DvrSerialMonitor: [BIZ][camera-dvr-context-attach-frame] DVR 入站未知帧 cmd=0x06 len=64 / raw=55 06 40 00 35 00 00 00 00 00 00 00 00 00 00 00 00 00 00 00 00 00 00 00 00 00 00 00 01 00 00 00 62 6A 6C 6A 74 6C 6B 00 00 00 00 00 00 00 00 00 00 00 00 00 60 6F 05 6A 07 00 00 00 00 00 00 00 00 00 00 00 03 AA
05-14 14:44:48.826  1806  1806 I StationBusinessModule: [BIZ][legacy-main-advance_station] 手动推进一站 / line=5 / direction=上行 / stationNo=6 / station=bjljtlk / type=1 / preview=是 / gps=-,-
05-14 14:44:48.827  1806  1806 I StationBusinessModule: [BIZ][station-result] 模块结果 OK / module=station / summary=已推进一站 / detail=当前站点已更新到 bjljtlk
05-14 14:44:48.827  1806  1806 I TerminalModuleHub: [BIZ][legacy-main-advance_station] 模块动作执行完成 module=station / 报站 -> OK / 已推进一站
05-14 14:44:48.828  1806  1806 I LegacyMainActivity: [UI][legacy-main-advance_station] 首页站点动作 action=advance_station / result=报站 -> OK / 已推进一站
05-14 14:44:51.719  1806  1832 D M90StubSerial: [PROTOCOL_TX][camera-dvr-context-attach-handshake] stub send on ttyS3: 55 01 00 00 56 AA
05-14 14:44:51.719  1806  1832 D M90StubSerial: [PROTOCOL_RX][camera-dvr-context-attach-handshake-rx] stub recv echo on ttyS3: 55 01 00 00 56 AA
05-14 14:44:51.720  1806  1832 I DvrSerialMonitor: [BIZ][camera-dvr-context-attach-frame] DVR 入站未知帧 cmd=0x01 len=0 / raw=55 01 00 00 56 AA
05-14 14:44:51.977  1806  1806 I TerminalModuleHub: [BIZ][legacy-main-service_tone_0] 开始执行模块动作 module=station / action=service_tone_0
05-14 14:44:51.977  1806  1806 I StationBusinessModule: [BIZ][legacy-main-service_tone_0] 报站动作入口 action=service_tone_0
05-14 14:44:51.989  1806  1806 W TextToSpeech: stop failed: not bound to TTS engine
05-14 14:44:51.990  1806  1806 I LegacyStationAudio: [BIZ][station-audio-plan] 音频播放计划 trigger=service-tone-0 / preferTts=false / source=sourceRoot=/storage/emulated/0/Android/data/com.lhxy.istationdevice.android11/files/station-resources/current/SourceFile/SourceFile exists=true / common=true / innerCount=0 / outerCount=1 / mixedCount=0 / firstInner=- / firstOuter=/storage/emulated/0/Android/data/com.lhxy.istationdevice.android11/files/station-resources/current/SourceFile/SourceFile/CommonSounds/Common/voiceD/服务音0.mp3 / tts=服务音0
05-14 14:44:51.991  1806  1806 D M90StubGpio: [DEVICE][station-audio-inner_audio-0] stub write inner_audio=0
05-14 14:44:51.991  1806  1806 I LegacyStationAudio: [DEVICE][station-audio-gpio] 音频 GPIO 写入 pin=inner_audio / value=0
05-14 14:44:51.991  1806  1806 D M90StubGpio: [DEVICE][station-audio-outer_audio-1] stub write outer_audio=1
05-14 14:44:51.991  1806  1806 I LegacyStationAudio: [DEVICE][station-audio-gpio] 音频 GPIO 写入 pin=outer_audio / value=1
05-14 14:44:51.992  1806  1806 D M90StubGpio: [DEVICE][station-audio-inner_speaker-0] stub write inner_speaker=0
05-14 14:44:51.992  1806  1806 I LegacyStationAudio: [DEVICE][station-audio-gpio] 音频 GPIO 写入 pin=inner_speaker / value=0
05-14 14:44:52.006  1806  1806 I LegacyStationAudio: [DEVICE][station-audio-volume] 设置音量 mode=0 / outer=true / target=12 / bounded=12 / max=15
05-14 14:44:52.034  1806  1806 I LegacyStationAudio: [BIZ][station-audio-player] 开始播放外音 index=0/1 / file=/storage/emulated/0/Android/data/com.lhxy.istationdevice.android11/files/station-resources/current/SourceFile/SourceFile/CommonSounds/Common/voiceD/服务音0.mp3
05-14 14:44:52.036  1806  1806 I StationBusinessModule: [BIZ][legacy-main-service_tone_0] 服务音完成 no=0 / audio=是 / rs485=否
05-14 14:44:52.037  1806  1806 I StationBusinessModule: [BIZ][station-result] 模块结果 OK / module=station / summary=已触发服务音 0 / detail=本地播报=是 / 485 服务音=否
05-14 14:44:52.037  1806  1806 I TerminalModuleHub: [BIZ][legacy-main-service_tone_0] 模块动作执行完成 module=station / 报站 -> OK / 已触发服务音 0
05-14 14:44:52.037  1806  1806 I LegacyMainActivity: [UI][legacy-main-service_tone_0] 首页站点动作 action=service_tone_0 / result=报站 -> OK / 已触发服务音 0
05-14 14:44:53.121  1806  1806 I TerminalModuleHub: [BIZ][legacy-main-service_tone_0] 开始执行模块动作 module=station / action=service_tone_0
05-14 14:44:53.121  1806  1806 I StationBusinessModule: [BIZ][legacy-main-service_tone_0] 报站动作入口 action=service_tone_0
05-14 14:44:53.127  1806  1806 V MediaPlayer: resetDrmState:  mDrmInfo=null mDrmProvisioningThread=null mPrepareDrmInProgress=false mActiveDrmScheme=false
05-14 14:44:53.128  1806  1806 V MediaPlayer: cleanDrmObj: mDrmObj=null mDrmSessionId=null
05-14 14:44:53.135  1806  1806 W TextToSpeech: stop failed: not bound to TTS engine
05-14 14:44:53.136  1806  1806 D M90StubGpio: [DEVICE][station-audio-inner_audio-0] stub write inner_audio=0
05-14 14:44:53.137  1806  1806 I LegacyStationAudio: [DEVICE][station-audio-gpio] 音频 GPIO 写入 pin=inner_audio / value=0
05-14 14:44:53.137  1806  1806 D M90StubGpio: [DEVICE][station-audio-outer_audio-0] stub write outer_audio=0
05-14 14:44:53.137  1806  1806 I LegacyStationAudio: [DEVICE][station-audio-gpio] 音频 GPIO 写入 pin=outer_audio / value=0
05-14 14:44:53.138  1806  1806 D M90StubGpio: [DEVICE][station-audio-inner_speaker-0] stub write inner_speaker=0
05-14 14:44:53.138  1806  1806 I LegacyStationAudio: [DEVICE][station-audio-gpio] 音频 GPIO 写入 pin=inner_speaker / value=0
05-14 14:44:53.139  1806  1806 I LegacyStationAudio: [BIZ][station-audio-plan] 音频播放计划 trigger=service-tone-0 / preferTts=false / source=sourceRoot=/storage/emulated/0/Android/data/com.lhxy.istationdevice.android11/files/station-resources/current/SourceFile/SourceFile exists=true / common=true / innerCount=0 / outerCount=1 / mixedCount=0 / firstInner=- / firstOuter=/storage/emulated/0/Android/data/com.lhxy.istationdevice.android11/files/station-resources/current/SourceFile/SourceFile/CommonSounds/Common/voiceD/服务音0.mp3 / tts=服务音0
05-14 14:44:53.139  1806  1806 D M90StubGpio: [DEVICE][station-audio-inner_audio-0] stub write inner_audio=0
05-14 14:44:53.139  1806  1806 I LegacyStationAudio: [DEVICE][station-audio-gpio] 音频 GPIO 写入 pin=inner_audio / value=0
05-14 14:44:53.140  1806  1806 D M90StubGpio: [DEVICE][station-audio-outer_audio-1] stub write outer_audio=1
05-14 14:44:53.140  1806  1806 I LegacyStationAudio: [DEVICE][station-audio-gpio] 音频 GPIO 写入 pin=outer_audio / value=1
05-14 14:44:53.140  1806  1806 D M90StubGpio: [DEVICE][station-audio-inner_speaker-0] stub write inner_speaker=0
05-14 14:44:53.140  1806  1806 I LegacyStationAudio: [DEVICE][station-audio-gpio] 音频 GPIO 写入 pin=inner_speaker / value=0
05-14 14:44:53.144  1806  1806 I LegacyStationAudio: [DEVICE][station-audio-volume] 设置音量 mode=0 / outer=true / target=12 / bounded=12 / max=15
05-14 14:44:53.156  1806  1806 I LegacyStationAudio: [BIZ][station-audio-player] 开始播放外音 index=0/1 / file=/storage/emulated/0/Android/data/com.lhxy.istationdevice.android11/files/station-resources/current/SourceFile/SourceFile/CommonSounds/Common/voiceD/服务音0.mp3
05-14 14:44:53.157  1806  1806 I StationBusinessModule: [BIZ][legacy-main-service_tone_0] 服务音完成 no=0 / audio=是 / rs485=否
05-14 14:44:53.158  1806  1806 I StationBusinessModule: [BIZ][station-result] 模块结果 OK / module=station / summary=已触发服务音 0 / detail=本地播报=是 / 485 服务音=否
05-14 14:44:53.159  1806  1806 I TerminalModuleHub: [BIZ][legacy-main-service_tone_0] 模块动作执行完成 module=station / 报站 -> OK / 已触发服务音 0
05-14 14:44:53.159  1806  1806 I LegacyMainActivity: [UI][legacy-main-service_tone_0] 首页站点动作 action=service_tone_0 / result=报站 -> OK / 已触发服务音 0
05-14 14:44:53.226  1806  1806 W MediaPlayer: mediaplayer went away with unhandled events
05-14 14:44:53.226  1806  1806 W MediaPlayer: mediaplayer went away with unhandled events
05-14 14:44:53.730  1806  1830 D DvrSerialDispatch: [PROTOCOL_TX][station-config-gps-report-gps-10] DVR_GPS_REPORT via rs232_1 -> 55 05 58 00 35 00 00 00 00 00 00 00 00 00 00 00 00 00 00 00 00 00 00 00 65 6F 05 6A 31 30 00 00 00 00 00 00 00 00 00 00 00 00 00 00 00 00 00 00 00 00 00 00 31 30 00 00 00 00 00 00 00 00 00 00 00 00 00 00 00 00 00 00 00 00 00 00 00 00 00 00 69 01 00 00 00 07 01 01 00 00 00 00 5F AA
05-14 14:44:53.730  1806  1830 D DvrSerialDispatch: - bytes=94 / DVR/GPS上报
05-14 14:44:53.731  1806  1830 D M90StubSerial: [PROTOCOL_TX][station-config-gps-report-gps-10] stub send on ttyS3: 55 05 58 00 35 00 00 00 00 00 00 00 00 00 00 00 00 00 00 00 00 00 00 00 65 6F 05 6A 31 30 00 00 00 00 00 00 00 00 00 00 00 00 00 00 00 00 00 00 00 00 00 00 31 30 00 00 00 00 00 00 00 00 00 00 00 00 00 00 00 00 00 00 00 00 00 00 00 00 00 00 69 01 00 00 00 07 01 01 00 00 00 00 5F AA
05-14 14:44:53.731  1806  1830 D M90StubSerial: [PROTOCOL_RX][station-config-gps-report-gps-10-rx] stub recv echo on ttyS3: 55 05 58 00 35 00 00 00 00 00 00 00 00 00 00 00 00 00 00 00 00 00 00 00 65 6F 05 6A 31 30 00 00 00 00 00 00 00 00 00 00 00 00 00 00 00 00 00 00 00 00 00 00 31 30 00 00 00 00 00 00 00 00 00 00 00 00 00 00 00 00 00 00 00 00 00 00 00 00 00 00 69 01 00 00 00 07 01 01 00 00 00 00 5F AA
05-14 14:44:53.732  1806  1830 D DvrSerialMonitor: [PROTOCOL_RX][camera-dvr-context-attach-raw] dvr raw ttyS3 packet=39 bytes=94 hex=55 05 58 00 35 00 00 00 00 00 00 00 00 00 00 00 00 00 00 00 00 00 00 00 65 6F 05 6A 31 30 00 00 00 00 00 00 00 00 00 00 00 00 00 00 00 00 00 00 00 00 00 00 31 30 00 00 00 00 00 00 00 00 00 00 00 00 00 00 00 00 00 00 00 00 00 00 00 00 00 00 69 01 00 00 00 07 01 01 00 00 00 00 5F AA
05-14 14:44:53.733  1806  1830 I DvrSerialMonitor: [BIZ][camera-dvr-context-attach-frame] DVR 入站未知帧 cmd=0x05 len=88 / raw=55 05 58 00 35 00 00 00 00 00 00 00 00 00 00 00 00 00 00 00 00 00 00 00 65 6F 05 6A 31 30 00 00 00 00 00 00 00 00 00 00 00 00 00 00 00 00 00 00 00 00 00 00 31 30 00 00 00 00 00 00 00 00 00 00 00 00 00 00 00 00 00 00 00 00 00 00 00 00 00 00 69 01 00 00 00 07 01 01 00 00 00 00 5F AA
05-14 14:44:54.508  1806  1806 I TerminalModuleHub: [BIZ][legacy-main-service_tone_8] 开始执行模块动作 module=station / action=service_tone_8
05-14 14:44:54.509  1806  1806 I StationBusinessModule: [BIZ][legacy-main-service_tone_8] 报站动作入口 action=service_tone_8
05-14 14:44:54.522  1806  1806 V MediaPlayer: resetDrmState:  mDrmInfo=null mDrmProvisioningThread=null mPrepareDrmInProgress=false mActiveDrmScheme=false
05-14 14:44:54.522  1806  1806 V MediaPlayer: cleanDrmObj: mDrmObj=null mDrmSessionId=null
05-14 14:44:54.529  1806  1806 W TextToSpeech: stop failed: not bound to TTS engine
05-14 14:44:54.530  1806  1806 D M90StubGpio: [DEVICE][station-audio-inner_audio-0] stub write inner_audio=0
05-14 14:44:54.531  1806  1806 I LegacyStationAudio: [DEVICE][station-audio-gpio] 音频 GPIO 写入 pin=inner_audio / value=0
05-14 14:44:54.531  1806  1806 D M90StubGpio: [DEVICE][station-audio-outer_audio-0] stub write outer_audio=0
05-14 14:44:54.532  1806  1806 I LegacyStationAudio: [DEVICE][station-audio-gpio] 音频 GPIO 写入 pin=outer_audio / value=0
05-14 14:44:54.532  1806  1806 D M90StubGpio: [DEVICE][station-audio-inner_speaker-0] stub write inner_speaker=0
05-14 14:44:54.532  1806  1806 I LegacyStationAudio: [DEVICE][station-audio-gpio] 音频 GPIO 写入 pin=inner_speaker / value=0
05-14 14:44:54.533  1806  1806 I LegacyStationAudio: [BIZ][station-audio-plan] 音频播放计划 trigger=service-tone-8 / preferTts=false / source=sourceRoot=/storage/emulated/0/Android/data/com.lhxy.istationdevice.android11/files/station-resources/current/SourceFile/SourceFile exists=true / common=true / innerCount=1 / outerCount=0 / mixedCount=0 / firstInner=/storage/emulated/0/Android/data/com.lhxy.istationdevice.android11/files/station-resources/current/SourceFile/SourceFile/CommonSounds/Common/voiceD/服务音8.mp3 / firstOuter=- / tts=服务音8
05-14 14:44:54.533  1806  1806 D M90StubGpio: [DEVICE][station-audio-inner_audio-1] stub write inner_audio=1
05-14 14:44:54.533  1806  1806 I LegacyStationAudio: [DEVICE][station-audio-gpio] 音频 GPIO 写入 pin=inner_audio / value=1
05-14 14:44:54.534  1806  1806 D M90StubGpio: [DEVICE][station-audio-outer_audio-0] stub write outer_audio=0
05-14 14:44:54.534  1806  1806 I LegacyStationAudio: [DEVICE][station-audio-gpio] 音频 GPIO 写入 pin=outer_audio / value=0
05-14 14:44:54.534  1806  1806 D M90StubGpio: [DEVICE][station-audio-inner_speaker-0] stub write inner_speaker=0
05-14 14:44:54.534  1806  1806 I LegacyStationAudio: [DEVICE][station-audio-gpio] 音频 GPIO 写入 pin=inner_speaker / value=0
05-14 14:44:54.538  1806  1806 I LegacyStationAudio: [DEVICE][station-audio-volume] 设置音量 mode=0 / outer=false / target=12 / bounded=12 / max=15
05-14 14:44:54.554  1806  1806 I LegacyStationAudio: [BIZ][station-audio-player] 开始播放内音 index=0/1 / file=/storage/emulated/0/Android/data/com.lhxy.istationdevice.android11/files/station-resources/current/SourceFile/SourceFile/CommonSounds/Common/voiceD/服务音8.mp3
05-14 14:44:54.557  1806  1806 I StationBusinessModule: [BIZ][legacy-main-service_tone_8] 服务音完成 no=8 / audio=是 / rs485=否
05-14 14:44:54.558  1806  1806 I StationBusinessModule: [BIZ][station-result] 模块结果 OK / module=station / summary=已触发服务音 8 / detail=本地播报=是 / 485 服务音=否
05-14 14:44:54.559  1806  1806 I TerminalModuleHub: [BIZ][legacy-main-service_tone_8] 模块动作执行完成 module=station / 报站 -> OK / 已触发服务音 8
05-14 14:44:54.560  1806  1806 I LegacyMainActivity: [UI][legacy-main-service_tone_8] 首页站点动作 action=service_tone_8 / result=报站 -> OK / 已触发服务音 8
05-14 14:44:54.669  1806  1806 W MediaPlayer: mediaplayer went away with unhandled events
05-14 14:44:54.669  1806  1806 W MediaPlayer: mediaplayer went away with unhandled events
05-14 14:44:56.481  1806  1806 I TerminalModuleHub: [BIZ][legacy-main-service_tone_6] 开始执行模块动作 module=station / action=service_tone_6
05-14 14:44:56.481  1806  1806 I StationBusinessModule: [BIZ][legacy-main-service_tone_6] 报站动作入口 action=service_tone_6
05-14 14:44:56.493  1806  1806 V MediaPlayer: resetDrmState:  mDrmInfo=null mDrmProvisioningThread=null mPrepareDrmInProgress=false mActiveDrmScheme=false
05-14 14:44:56.493  1806  1806 V MediaPlayer: cleanDrmObj: mDrmObj=null mDrmSessionId=null
05-14 14:44:56.500  1806  1806 W TextToSpeech: stop failed: not bound to TTS engine
05-14 14:44:56.501  1806  1806 D M90StubGpio: [DEVICE][station-audio-inner_audio-0] stub write inner_audio=0
05-14 14:44:56.501  1806  1806 I LegacyStationAudio: [DEVICE][station-audio-gpio] 音频 GPIO 写入 pin=inner_audio / value=0
05-14 14:44:56.502  1806  1806 D M90StubGpio: [DEVICE][station-audio-outer_audio-0] stub write outer_audio=0
05-14 14:44:56.502  1806  1806 I LegacyStationAudio: [DEVICE][station-audio-gpio] 音频 GPIO 写入 pin=outer_audio / value=0
05-14 14:44:56.503  1806  1806 D M90StubGpio: [DEVICE][station-audio-inner_speaker-0] stub write inner_speaker=0
05-14 14:44:56.503  1806  1806 I LegacyStationAudio: [DEVICE][station-audio-gpio] 音频 GPIO 写入 pin=inner_speaker / value=0
05-14 14:44:56.503  1806  1806 I LegacyStationAudio: [BIZ][station-audio-plan] 音频播放计划 trigger=service-tone-6 / preferTts=false / source=sourceRoot=/storage/emulated/0/Android/data/com.lhxy.istationdevice.android11/files/station-resources/current/SourceFile/SourceFile exists=true / common=true / innerCount=1 / outerCount=0 / mixedCount=0 / firstInner=/storage/emulated/0/Android/data/com.lhxy.istationdevice.android11/files/station-resources/current/SourceFile/SourceFile/CommonSounds/Common/voiceD/服务音6.mp3 / firstOuter=- / tts=服务音6
05-14 14:44:56.504  1806  1806 D M90StubGpio: [DEVICE][station-audio-inner_audio-1] stub write inner_audio=1
05-14 14:44:56.504  1806  1806 I LegacyStationAudio: [DEVICE][station-audio-gpio] 音频 GPIO 写入 pin=inner_audio / value=1
05-14 14:44:56.504  1806  1806 D M90StubGpio: [DEVICE][station-audio-outer_audio-0] stub write outer_audio=0
05-14 14:44:56.505  1806  1806 I LegacyStationAudio: [DEVICE][station-audio-gpio] 音频 GPIO 写入 pin=outer_audio / value=0
05-14 14:44:56.505  1806  1806 D M90StubGpio: [DEVICE][station-audio-inner_speaker-0] stub write inner_speaker=0
05-14 14:44:56.505  1806  1806 I LegacyStationAudio: [DEVICE][station-audio-gpio] 音频 GPIO 写入 pin=inner_speaker / value=0
05-14 14:44:56.509  1806  1806 I LegacyStationAudio: [DEVICE][station-audio-volume] 设置音量 mode=0 / outer=false / target=12 / bounded=12 / max=15
05-14 14:44:56.524  1806  1806 I LegacyStationAudio: [BIZ][station-audio-player] 开始播放内音 index=0/1 / file=/storage/emulated/0/Android/data/com.lhxy.istationdevice.android11/files/station-resources/current/SourceFile/SourceFile/CommonSounds/Common/voiceD/服务音6.mp3
05-14 14:44:56.526  1806  1806 I StationBusinessModule: [BIZ][legacy-main-service_tone_6] 服务音完成 no=6 / audio=是 / rs485=否
05-14 14:44:56.527  1806  1806 I StationBusinessModule: [BIZ][station-result] 模块结果 OK / module=station / summary=已触发服务音 6 / detail=本地播报=是 / 485 服务音=否
05-14 14:44:56.528  1806  1806 I TerminalModuleHub: [BIZ][legacy-main-service_tone_6] 模块动作执行完成 module=station / 报站 -> OK / 已触发服务音 6
05-14 14:44:56.528  1806  1806 I LegacyMainActivity: [UI][legacy-main-service_tone_6] 首页站点动作 action=service_tone_6 / result=报站 -> OK / 已触发服务音 6
05-14 14:44:56.601  1806  1806 W MediaPlayer: mediaplayer went away with unhandled events
05-14 14:44:56.602  1806  1806 W MediaPlayer: mediaplayer went away with unhandled events
05-14 14:44:58.734  1806  1830 D DvrSerialDispatch: [PROTOCOL_TX][station-config-gps-report-gps-11] DVR_GPS_REPORT via rs232_1 -> 55 05 58 00 35 00 00 00 00 00 00 00 00 00 00 00 00 00 00 00 00 00 00 00 6A 6F 05 6A 31 30 00 00 00 00 00 00 00 00 00 00 00 00 00 00 00 00 00 00 00 00 00 00 31 30 00 00 00 00 00 00 00 00 00 00 00 00 00 00 00 00 00 00 00 00 00 00 00 00 00 00 69 01 00 00 00 07 01 01 00 00 00 00 64 AA
05-14 14:44:58.734  1806  1830 D DvrSerialDispatch: - bytes=94 / DVR/GPS上报
05-14 14:44:58.735  1806  1830 D M90StubSerial: [PROTOCOL_TX][station-config-gps-report-gps-11] stub send on ttyS3: 55 05 58 00 35 00 00 00 00 00 00 00 00 00 00 00 00 00 00 00 00 00 00 00 6A 6F 05 6A 31 30 00 00 00 00 00 00 00 00 00 00 00 00 00 00 00 00 00 00 00 00 00 00 31 30 00 00 00 00 00 00 00 00 00 00 00 00 00 00 00 00 00 00 00 00 00 00 00 00 00 00 69 01 00 00 00 07 01 01 00 00 00 00 64 AA
05-14 14:44:58.735  1806  1830 D M90StubSerial: [PROTOCOL_RX][station-config-gps-report-gps-11-rx] stub recv echo on ttyS3: 55 05 58 00 35 00 00 00 00 00 00 00 00 00 00 00 00 00 00 00 00 00 00 00 6A 6F 05 6A 31 30 00 00 00 00 00 00 00 00 00 00 00 00 00 00 00 00 00 00 00 00 00 00 31 30 00 00 00 00 00 00 00 00 00 00 00 00 00 00 00 00 00 00 00 00 00 00 00 00 00 00 69 01 00 00 00 07 01 01 00 00 00 00 64 AA
05-14 14:44:58.736  1806  1830 I DvrSerialMonitor: [BIZ][camera-dvr-context-attach-frame] DVR 入站未知帧 cmd=0x05 len=88 / raw=55 05 58 00 35 00 00 00 00 00 00 00 00 00 00 00 00 00 00 00 00 00 00 00 6A 6F 05 6A 31 30 00 00 00 00 00 00 00 00 00 00 00 00 00 00 00 00 00 00 00 00 00 00 31 30 00 00 00 00 00 00 00 00 00 00 00 00 00 00 00 00 00 00 00 00 00 00 00 00 00 00 69 01 00 00 00 07 01 01 00 00 00 00 64 AA
05-14 14:44:59.722  1806  1832 D M90StubSerial: [PROTOCOL_TX][camera-dvr-context-attach-handshake] stub send on ttyS3: 55 01 00 00 56 AA
05-14 14:44:59.724  1806  1832 D M90StubSerial: [PROTOCOL_RX][camera-dvr-context-attach-handshake-rx] stub recv echo on ttyS3: 55 01 00 00 56 AA
05-14 14:44:59.725  1806  1832 I DvrSerialMonitor: [BIZ][camera-dvr-context-attach-frame] DVR 入站未知帧 cmd=0x01 len=0 / raw=55 01 00 00 56 AA
05-14 14:45:02.739  1806  1806 I TerminalModuleHub: [BIZ][legacy-main-service_tone_4] 开始执行模块动作 module=station / action=service_tone_4
05-14 14:45:02.739  1806  1806 I StationBusinessModule: [BIZ][legacy-main-service_tone_4] 报站动作入口 action=service_tone_4
05-14 14:45:02.749  1806  1806 V MediaPlayer: resetDrmState:  mDrmInfo=null mDrmProvisioningThread=null mPrepareDrmInProgress=false mActiveDrmScheme=false
05-14 14:45:02.749  1806  1806 V MediaPlayer: cleanDrmObj: mDrmObj=null mDrmSessionId=null
05-14 14:45:02.757  1806  1806 W TextToSpeech: stop failed: not bound to TTS engine
05-14 14:45:02.758  1806  1806 D M90StubGpio: [DEVICE][station-audio-inner_audio-0] stub write inner_audio=0
05-14 14:45:02.759  1806  1806 I LegacyStationAudio: [DEVICE][station-audio-gpio] 音频 GPIO 写入 pin=inner_audio / value=0
05-14 14:45:02.759  1806  1806 D M90StubGpio: [DEVICE][station-audio-outer_audio-0] stub write outer_audio=0
05-14 14:45:02.759  1806  1806 I LegacyStationAudio: [DEVICE][station-audio-gpio] 音频 GPIO 写入 pin=outer_audio / value=0
05-14 14:45:02.759  1806  1806 D M90StubGpio: [DEVICE][station-audio-inner_speaker-0] stub write inner_speaker=0
05-14 14:45:02.760  1806  1806 I LegacyStationAudio: [DEVICE][station-audio-gpio] 音频 GPIO 写入 pin=inner_speaker / value=0
05-14 14:45:02.760  1806  1806 I LegacyStationAudio: [BIZ][station-audio-plan] 音频播放计划 trigger=service-tone-4 / preferTts=false / source=sourceRoot=/storage/emulated/0/Android/data/com.lhxy.istationdevice.android11/files/station-resources/current/SourceFile/SourceFile exists=true / common=true / innerCount=1 / outerCount=0 / mixedCount=0 / firstInner=/storage/emulated/0/Android/data/com.lhxy.istationdevice.android11/files/station-resources/current/SourceFile/SourceFile/CommonSounds/Common/voiceD/服务音4.mp3 / firstOuter=- / tts=服务音4
05-14 14:45:02.761  1806  1806 D M90StubGpio: [DEVICE][station-audio-inner_audio-1] stub write inner_audio=1
05-14 14:45:02.761  1806  1806 I LegacyStationAudio: [DEVICE][station-audio-gpio] 音频 GPIO 写入 pin=inner_audio / value=1
05-14 14:45:02.761  1806  1806 D M90StubGpio: [DEVICE][station-audio-outer_audio-0] stub write outer_audio=0
05-14 14:45:02.761  1806  1806 I LegacyStationAudio: [DEVICE][station-audio-gpio] 音频 GPIO 写入 pin=outer_audio / value=0
05-14 14:45:02.761  1806  1806 D M90StubGpio: [DEVICE][station-audio-inner_speaker-0] stub write inner_speaker=0
05-14 14:45:02.762  1806  1806 I LegacyStationAudio: [DEVICE][station-audio-gpio] 音频 GPIO 写入 pin=inner_speaker / value=0
05-14 14:45:02.766  1806  1806 I LegacyStationAudio: [DEVICE][station-audio-volume] 设置音量 mode=0 / outer=false / target=12 / bounded=12 / max=15
05-14 14:45:02.781  1806  1806 I LegacyStationAudio: [BIZ][station-audio-player] 开始播放内音 index=0/1 / file=/storage/emulated/0/Android/data/com.lhxy.istationdevice.android11/files/station-resources/current/SourceFile/SourceFile/CommonSounds/Common/voiceD/服务音4.mp3
05-14 14:45:02.782  1806  1806 I StationBusinessModule: [BIZ][legacy-main-service_tone_4] 服务音完成 no=4 / audio=是 / rs485=否
05-14 14:45:02.783  1806  1806 I StationBusinessModule: [BIZ][station-result] 模块结果 OK / module=station / summary=已触发服务音 4 / detail=本地播报=是 / 485 服务音=否
05-14 14:45:02.783  1806  1806 I TerminalModuleHub: [BIZ][legacy-main-service_tone_4] 模块动作执行完成 module=station / 报站 -> OK / 已触发服务音 4
05-14 14:45:02.784  1806  1806 I LegacyMainActivity: [UI][legacy-main-service_tone_4] 首页站点动作 action=service_tone_4 / result=报站 -> OK / 已触发服务音 4
05-14 14:45:02.866  1806  1806 W MediaPlayer: mediaplayer went away with unhandled events
05-14 14:45:02.866  1806  1806 W MediaPlayer: mediaplayer went away with unhandled events
05-14 14:45:03.739  1806  1830 D DvrSerialDispatch: [PROTOCOL_TX][station-config-gps-report-gps-12] DVR_GPS_REPORT via rs232_1 -> 55 05 58 00 35 00 00 00 00 00 00 00 00 00 00 00 00 00 00 00 00 00 00 00 6F 6F 05 6A 31 30 00 00 00 00 00 00 00 00 00 00 00 00 00 00 00 00 00 00 00 00 00 00 31 30 00 00 00 00 00 00 00 00 00 00 00 00 00 00 00 00 00 00 00 00 00 00 00 00 00 00 69 01 00 00 00 07 01 01 00 00 00 00 69 AA
05-14 14:45:03.739  1806  1830 D DvrSerialDispatch: - bytes=94 / DVR/GPS上报
05-14 14:45:03.740  1806  1830 D M90StubSerial: [PROTOCOL_TX][station-config-gps-report-gps-12] stub send on ttyS3: 55 05 58 00 35 00 00 00 00 00 00 00 00 00 00 00 00 00 00 00 00 00 00 00 6F 6F 05 6A 31 30 00 00 00 00 00 00 00 00 00 00 00 00 00 00 00 00 00 00 00 00 00 00 31 30 00 00 00 00 00 00 00 00 00 00 00 00 00 00 00 00 00 00 00 00 00 00 00 00 00 00 69 01 00 00 00 07 01 01 00 00 00 00 69 AA
05-14 14:45:03.742  1806  1830 D M90StubSerial: [PROTOCOL_RX][station-config-gps-report-gps-12-rx] stub recv echo on ttyS3: 55 05 58 00 35 00 00 00 00 00 00 00 00 00 00 00 00 00 00 00 00 00 00 00 6F 6F 05 6A 31 30 00 00 00 00 00 00 00 00 00 00 00 00 00 00 00 00 00 00 00 00 00 00 31 30 00 00 00 00 00 00 00 00 00 00 00 00 00 00 00 00 00 00 00 00 00 00 00 00 00 00 69 01 00 00 00 07 01 01 00 00 00 00 69 AA
05-14 14:45:03.743  1806  1830 D DvrSerialMonitor: [PROTOCOL_RX][camera-dvr-context-attach-raw] dvr raw ttyS3 packet=42 bytes=94 hex=55 05 58 00 35 00 00 00 00 00 00 00 00 00 00 00 00 00 00 00 00 00 00 00 6F 6F 05 6A 31 30 00 00 00 00 00 00 00 00 00 00 00 00 00 00 00 00 00 00 00 00 00 00 31 30 00 00 00 00 00 00 00 00 00 00 00 00 00 00 00 00 00 00 00 00 00 00 00 00 00 00 69 01 00 00 00 07 01 01 00 00 00 00 69 AA
05-14 14:45:03.745  1806  1830 I DvrSerialMonitor: [BIZ][camera-dvr-context-attach-frame] DVR 入站未知帧 cmd=0x05 len=88 / raw=55 05 58 00 35 00 00 00 00 00 00 00 00 00 00 00 00 00 00 00 00 00 00 00 6F 6F 05 6A 31 30 00 00 00 00 00 00 00 00 00 00 00 00 00 00 00 00 00 00 00 00 00 00 31 30 00 00 00 00 00 00 00 00 00 00 00 00 00 00 00 00 00 00 00 00 00 00 00 00 00 00 69 01 00 00 00 07 01 01 00 00 00 00 69 AA
05-14 14:45:04.467  1806  1806 I TerminalModuleHub: [BIZ][legacy-main-service_tone_3] 开始执行模块动作 module=station / action=service_tone_3
05-14 14:45:04.468  1806  1806 I StationBusinessModule: [BIZ][legacy-main-service_tone_3] 报站动作入口 action=service_tone_3
05-14 14:45:04.479  1806  1806 V MediaPlayer: resetDrmState:  mDrmInfo=null mDrmProvisioningThread=null mPrepareDrmInProgress=false mActiveDrmScheme=false
05-14 14:45:04.479  1806  1806 V MediaPlayer: cleanDrmObj: mDrmObj=null mDrmSessionId=null
05-14 14:45:04.486  1806  1806 W TextToSpeech: stop failed: not bound to TTS engine
05-14 14:45:04.487  1806  1806 D M90StubGpio: [DEVICE][station-audio-inner_audio-0] stub write inner_audio=0
05-14 14:45:04.488  1806  1806 I LegacyStationAudio: [DEVICE][station-audio-gpio] 音频 GPIO 写入 pin=inner_audio / value=0
05-14 14:45:04.488  1806  1806 D M90StubGpio: [DEVICE][station-audio-outer_audio-0] stub write outer_audio=0
05-14 14:45:04.488  1806  1806 I LegacyStationAudio: [DEVICE][station-audio-gpio] 音频 GPIO 写入 pin=outer_audio / value=0
05-14 14:45:04.489  1806  1806 D M90StubGpio: [DEVICE][station-audio-inner_speaker-0] stub write inner_speaker=0
05-14 14:45:04.489  1806  1806 I LegacyStationAudio: [DEVICE][station-audio-gpio] 音频 GPIO 写入 pin=inner_speaker / value=0
05-14 14:45:04.490  1806  1806 I LegacyStationAudio: [BIZ][station-audio-plan] 音频播放计划 trigger=service-tone-3 / preferTts=false / source=sourceRoot=/storage/emulated/0/Android/data/com.lhxy.istationdevice.android11/files/station-resources/current/SourceFile/SourceFile exists=true / common=true / innerCount=1 / outerCount=0 / mixedCount=0 / firstInner=/storage/emulated/0/Android/data/com.lhxy.istationdevice.android11/files/station-resources/current/SourceFile/SourceFile/CommonSounds/Common/voiceD/服务音3.mp3 / firstOuter=- / tts=服务音3
05-14 14:45:04.490  1806  1806 D M90StubGpio: [DEVICE][station-audio-inner_audio-1] stub write inner_audio=1
05-14 14:45:04.490  1806  1806 I LegacyStationAudio: [DEVICE][station-audio-gpio] 音频 GPIO 写入 pin=inner_audio / value=1
05-14 14:45:04.491  1806  1806 D M90StubGpio: [DEVICE][station-audio-outer_audio-0] stub write outer_audio=0
05-14 14:45:04.491  1806  1806 I LegacyStationAudio: [DEVICE][station-audio-gpio] 音频 GPIO 写入 pin=outer_audio / value=0
05-14 14:45:04.491  1806  1806 D M90StubGpio: [DEVICE][station-audio-inner_speaker-0] stub write inner_speaker=0
05-14 14:45:04.491  1806  1806 I LegacyStationAudio: [DEVICE][station-audio-gpio] 音频 GPIO 写入 pin=inner_speaker / value=0
05-14 14:45:04.496  1806  1806 I LegacyStationAudio: [DEVICE][station-audio-volume] 设置音量 mode=0 / outer=false / target=12 / bounded=12 / max=15
05-14 14:45:04.512  1806  1806 I LegacyStationAudio: [BIZ][station-audio-player] 开始播放内音 index=0/1 / file=/storage/emulated/0/Android/data/com.lhxy.istationdevice.android11/files/station-resources/current/SourceFile/SourceFile/CommonSounds/Common/voiceD/服务音3.mp3
05-14 14:45:04.513  1806  1806 I StationBusinessModule: [BIZ][legacy-main-service_tone_3] 服务音完成 no=3 / audio=是 / rs485=否
05-14 14:45:04.514  1806  1806 I StationBusinessModule: [BIZ][station-result] 模块结果 OK / module=station / summary=已触发服务音 3 / detail=本地播报=是 / 485 服务音=否
05-14 14:45:04.515  1806  1806 I TerminalModuleHub: [BIZ][legacy-main-service_tone_3] 模块动作执行完成 module=station / 报站 -> OK / 已触发服务音 3
05-14 14:45:04.515  1806  1806 I LegacyMainActivity: [UI][legacy-main-service_tone_3] 首页站点动作 action=service_tone_3 / result=报站 -> OK / 已触发服务音 3
05-14 14:45:04.591  1806  1806 W MediaPlayer: mediaplayer went away with unhandled events
05-14 14:45:06.220  1806  1806 I TerminalModuleHub: [BIZ][legacy-main-service_tone_9] 开始执行模块动作 module=station / action=service_tone_9
05-14 14:45:06.221  1806  1806 I StationBusinessModule: [BIZ][legacy-main-service_tone_9] 报站动作入口 action=service_tone_9
05-14 14:45:06.230  1806  1806 V MediaPlayer: resetDrmState:  mDrmInfo=null mDrmProvisioningThread=null mPrepareDrmInProgress=false mActiveDrmScheme=false
05-14 14:45:06.230  1806  1806 V MediaPlayer: cleanDrmObj: mDrmObj=null mDrmSessionId=null
05-14 14:45:06.237  1806  1806 W TextToSpeech: stop failed: not bound to TTS engine
05-14 14:45:06.237  1806  1806 D M90StubGpio: [DEVICE][station-audio-inner_audio-0] stub write inner_audio=0
05-14 14:45:06.238  1806  1806 I LegacyStationAudio: [DEVICE][station-audio-gpio] 音频 GPIO 写入 pin=inner_audio / value=0
05-14 14:45:06.239  1806  1806 D M90StubGpio: [DEVICE][station-audio-outer_audio-0] stub write outer_audio=0
05-14 14:45:06.239  1806  1806 I LegacyStationAudio: [DEVICE][station-audio-gpio] 音频 GPIO 写入 pin=outer_audio / value=0
05-14 14:45:06.239  1806  1806 D M90StubGpio: [DEVICE][station-audio-inner_speaker-0] stub write inner_speaker=0
05-14 14:45:06.240  1806  1806 I LegacyStationAudio: [DEVICE][station-audio-gpio] 音频 GPIO 写入 pin=inner_speaker / value=0
05-14 14:45:06.240  1806  1806 I LegacyStationAudio: [BIZ][station-audio-plan] 音频播放计划 trigger=service-tone-9 / preferTts=false / source=sourceRoot=/storage/emulated/0/Android/data/com.lhxy.istationdevice.android11/files/station-resources/current/SourceFile/SourceFile exists=true / common=true / innerCount=0 / outerCount=1 / mixedCount=0 / firstInner=- / firstOuter=/storage/emulated/0/Android/data/com.lhxy.istationdevice.android11/files/station-resources/current/SourceFile/SourceFile/CommonSounds/Common/voiceD/服务音9.mp3 / tts=服务音9
05-14 14:45:06.240  1806  1806 D M90StubGpio: [DEVICE][station-audio-inner_audio-0] stub write inner_audio=0
05-14 14:45:06.241  1806  1806 I LegacyStationAudio: [DEVICE][station-audio-gpio] 音频 GPIO 写入 pin=inner_audio / value=0
05-14 14:45:06.241  1806  1806 D M90StubGpio: [DEVICE][station-audio-outer_audio-1] stub write outer_audio=1
05-14 14:45:06.241  1806  1806 I LegacyStationAudio: [DEVICE][station-audio-gpio] 音频 GPIO 写入 pin=outer_audio / value=1
05-14 14:45:06.241  1806  1806 D M90StubGpio: [DEVICE][station-audio-inner_speaker-0] stub write inner_speaker=0
05-14 14:45:06.242  1806  1806 I LegacyStationAudio: [DEVICE][station-audio-gpio] 音频 GPIO 写入 pin=inner_speaker / value=0
05-14 14:45:06.246  1806  1806 I LegacyStationAudio: [DEVICE][station-audio-volume] 设置音量 mode=0 / outer=true / target=12 / bounded=12 / max=15
05-14 14:45:06.261  1806  1806 I LegacyStationAudio: [BIZ][station-audio-player] 开始播放外音 index=0/1 / file=/storage/emulated/0/Android/data/com.lhxy.istationdevice.android11/files/station-resources/current/SourceFile/SourceFile/CommonSounds/Common/voiceD/服务音9.mp3
05-14 14:45:06.263  1806  1806 I StationBusinessModule: [BIZ][legacy-main-service_tone_9] 服务音完成 no=9 / audio=是 / rs485=否
05-14 14:45:06.264  1806  1806 I StationBusinessModule: [BIZ][station-result] 模块结果 OK / module=station / summary=已触发服务音 9 / detail=本地播报=是 / 485 服务音=否
05-14 14:45:06.264  1806  1806 I TerminalModuleHub: [BIZ][legacy-main-service_tone_9] 模块动作执行完成 module=station / 报站 -> OK / 已触发服务音 9
05-14 14:45:06.265  1806  1806 I LegacyMainActivity: [UI][legacy-main-service_tone_9] 首页站点动作 action=service_tone_9 / result=报站 -> OK / 已触发服务音 9
05-14 14:45:06.339  1806  1806 W MediaPlayer: mediaplayer went away with unhandled events
05-14 14:45:06.339  1806  1806 W MediaPlayer: mediaplayer went away with unhandled events
05-14 14:45:07.726  1806  1832 D M90StubSerial: [PROTOCOL_TX][camera-dvr-context-attach-handshake] stub send on ttyS3: 55 01 00 00 56 AA
05-14 14:45:07.727  1806  1832 D M90StubSerial: [PROTOCOL_RX][camera-dvr-context-attach-handshake-rx] stub recv echo on ttyS3: 55 01 00 00 56 AA
05-14 14:45:07.729  1806  1832 I DvrSerialMonitor: [BIZ][camera-dvr-context-attach-frame] DVR 入站未知帧 cmd=0x01 len=0 / raw=55 01 00 00 56 AA
05-14 14:45:07.973  1806  1806 I TerminalModuleHub: [BIZ][legacy-main-service_tone_9] 开始执行模块动作 module=station / action=service_tone_9
05-14 14:45:07.973  1806  1806 I StationBusinessModule: [BIZ][legacy-main-service_tone_9] 报站动作入口 action=service_tone_9
05-14 14:45:07.980  1806  1806 V MediaPlayer: resetDrmState:  mDrmInfo=null mDrmProvisioningThread=null mPrepareDrmInProgress=false mActiveDrmScheme=false
05-14 14:45:07.980  1806  1806 V MediaPlayer: cleanDrmObj: mDrmObj=null mDrmSessionId=null
05-14 14:45:07.992  1806  1806 W TextToSpeech: stop failed: not bound to TTS engine
05-14 14:45:07.993  1806  1806 D M90StubGpio: [DEVICE][station-audio-inner_audio-0] stub write inner_audio=0
05-14 14:45:07.994  1806  1806 I LegacyStationAudio: [DEVICE][station-audio-gpio] 音频 GPIO 写入 pin=inner_audio / value=0
05-14 14:45:07.994  1806  1806 D M90StubGpio: [DEVICE][station-audio-outer_audio-0] stub write outer_audio=0
05-14 14:45:07.995  1806  1806 I LegacyStationAudio: [DEVICE][station-audio-gpio] 音频 GPIO 写入 pin=outer_audio / value=0
05-14 14:45:07.995  1806  1806 D M90StubGpio: [DEVICE][station-audio-inner_speaker-0] stub write inner_speaker=0
05-14 14:45:07.996  1806  1806 I LegacyStationAudio: [DEVICE][station-audio-gpio] 音频 GPIO 写入 pin=inner_speaker / value=0
05-14 14:45:07.997  1806  1806 I LegacyStationAudio: [BIZ][station-audio-plan] 音频播放计划 trigger=service-tone-9 / preferTts=false / source=sourceRoot=/storage/emulated/0/Android/data/com.lhxy.istationdevice.android11/files/station-resources/current/SourceFile/SourceFile exists=true / common=true / innerCount=0 / outerCount=1 / mixedCount=0 / firstInner=- / firstOuter=/storage/emulated/0/Android/data/com.lhxy.istationdevice.android11/files/station-resources/current/SourceFile/SourceFile/CommonSounds/Common/voiceD/服务音9.mp3 / tts=服务音9
05-14 14:45:07.997  1806  1806 D M90StubGpio: [DEVICE][station-audio-inner_audio-0] stub write inner_audio=0
05-14 14:45:07.997  1806  1806 I LegacyStationAudio: [DEVICE][station-audio-gpio] 音频 GPIO 写入 pin=inner_audio / value=0
05-14 14:45:07.998  1806  1806 D M90StubGpio: [DEVICE][station-audio-outer_audio-1] stub write outer_audio=1
05-14 14:45:07.998  1806  1806 I LegacyStationAudio: [DEVICE][station-audio-gpio] 音频 GPIO 写入 pin=outer_audio / value=1
05-14 14:45:07.998  1806  1806 D M90StubGpio: [DEVICE][station-audio-inner_speaker-0] stub write inner_speaker=0
05-14 14:45:07.999  1806  1806 I LegacyStationAudio: [DEVICE][station-audio-gpio] 音频 GPIO 写入 pin=inner_speaker / value=0
05-14 14:45:08.003  1806  1806 I LegacyStationAudio: [DEVICE][station-audio-volume] 设置音量 mode=0 / outer=true / target=12 / bounded=12 / max=15
05-14 14:45:08.015  1806  1806 I LegacyStationAudio: [BIZ][station-audio-player] 开始播放外音 index=0/1 / file=/storage/emulated/0/Android/data/com.lhxy.istationdevice.android11/files/station-resources/current/SourceFile/SourceFile/CommonSounds/Common/voiceD/服务音9.mp3
05-14 14:45:08.017  1806  1806 I StationBusinessModule: [BIZ][legacy-main-service_tone_9] 服务音完成 no=9 / audio=是 / rs485=否
05-14 14:45:08.018  1806  1806 I StationBusinessModule: [BIZ][station-result] 模块结果 OK / module=station / summary=已触发服务音 9 / detail=本地播报=是 / 485 服务音=否
05-14 14:45:08.018  1806  1806 I TerminalModuleHub: [BIZ][legacy-main-service_tone_9] 模块动作执行完成 module=station / 报站 -> OK / 已触发服务音 9
05-14 14:45:08.019  1806  1806 I LegacyMainActivity: [UI][legacy-main-service_tone_9] 首页站点动作 action=service_tone_9 / result=报站 -> OK / 已触发服务音 9
05-14 14:45:08.088  1806  1806 W MediaPlayer: mediaplayer went away with unhandled events
05-14 14:45:08.748  1806  1830 D DvrSerialDispatch: [PROTOCOL_TX][station-config-gps-report-gps-13] DVR_GPS_REPORT via rs232_1 -> 55 05 58 00 35 00 00 00 00 00 00 00 00 00 00 00 00 00 00 00 00 00 00 00 74 6F 05 6A 31 30 00 00 00 00 00 00 00 00 00 00 00 00 00 00 00 00 00 00 00 00 00 00 31 30 00 00 00 00 00 00 00 00 00 00 00 00 00 00 00 00 00 00 00 00 00 00 00 00 00 00 69 01 00 00 00 07 01 01 00 00 00 00 6E AA
05-14 14:45:08.748  1806  1830 D DvrSerialDispatch: - bytes=94 / DVR/GPS上报
05-14 14:45:08.750  1806  1830 D M90StubSerial: [PROTOCOL_TX][station-config-gps-report-gps-13] stub send on ttyS3: 55 05 58 00 35 00 00 00 00 00 00 00 00 00 00 00 00 00 00 00 00 00 00 00 74 6F 05 6A 31 30 00 00 00 00 00 00 00 00 00 00 00 00 00 00 00 00 00 00 00 00 00 00 31 30 00 00 00 00 00 00 00 00 00 00 00 00 00 00 00 00 00 00 00 00 00 00 00 00 00 00 69 01 00 00 00 07 01 01 00 00 00 00 6E AA
05-14 14:45:08.751  1806  1830 D M90StubSerial: [PROTOCOL_RX][station-config-gps-report-gps-13-rx] stub recv echo on ttyS3: 55 05 58 00 35 00 00 00 00 00 00 00 00 00 00 00 00 00 00 00 00 00 00 00 74 6F 05 6A 31 30 00 00 00 00 00 00 00 00 00 00 00 00 00 00 00 00 00 00 00 00 00 00 31 30 00 00 00 00 00 00 00 00 00 00 00 00 00 00 00 00 00 00 00 00 00 00 00 00 00 00 69 01 00 00 00 07 01 01 00 00 00 00 6E AA
05-14 14:45:08.753  1806  1830 I DvrSerialMonitor: [BIZ][camera-dvr-context-attach-frame] DVR 入站未知帧 cmd=0x05 len=88 / raw=55 05 58 00 35 00 00 00 00 00 00 00 00 00 00 00 00 00 00 00 00 00 00 00 74 6F 05 6A 31 30 00 00 00 00 00 00 00 00 00 00 00 00 00 00 00 00 00 00 00 00 00 00 31 30 00 00 00 00 00 00 00 00 00 00 00 00 00 00 00 00 00 00 00 00 00 00 00 00 00 00 69 01 00 00 00 07 01 01 00 00 00 00 6E AA
05-14 14:45:12.770  1806  1806 I AppCompatViewInflater: app:theme is now deprecated. Please move to using android:theme instead.
05-14 14:45:12.926  1806  1835 W libEGL  : EGLNativeWindowType 0xb400007d15127f50 disconnect failed
05-14 14:45:13.105  1806  1835 W libEGL  : EGLNativeWindowType 0xb400007d150022b0 disconnect failed
05-14 14:45:13.242  1806  1806 V MediaPlayer: resetDrmState:  mDrmInfo=null mDrmProvisioningThread=null mPrepareDrmInProgress=false mActiveDrmScheme=false
05-14 14:45:13.242  1806  1806 V MediaPlayer: cleanDrmObj: mDrmObj=null mDrmSessionId=null
05-14 14:45:13.249  1806  1806 I LegacyStationAudio: [BIZ][station-audio-player] 音频播放列表结束 trigger=service-tone-9 / outerPhase=true
05-14 14:45:13.249  1806  1806 W TextToSpeech: stop failed: not bound to TTS engine
05-14 14:45:13.250  1806  1806 D M90StubGpio: [DEVICE][station-audio-inner_audio-0] stub write inner_audio=0
05-14 14:45:13.250  1806  1806 I LegacyStationAudio: [DEVICE][station-audio-gpio] 音频 GPIO 写入 pin=inner_audio / value=0
05-14 14:45:13.250  1806  1806 D M90StubGpio: [DEVICE][station-audio-outer_audio-0] stub write outer_audio=0
05-14 14:45:13.250  1806  1806 I LegacyStationAudio: [DEVICE][station-audio-gpio] 音频 GPIO 写入 pin=outer_audio / value=0
05-14 14:45:13.251  1806  1806 D M90StubGpio: [DEVICE][station-audio-inner_speaker-0] stub write inner_speaker=0
05-14 14:45:13.251  1806  1806 I LegacyStationAudio: [DEVICE][station-audio-gpio] 音频 GPIO 写入 pin=inner_speaker / value=0
05-14 14:45:13.251  1806  1806 W MediaPlayer: mediaplayer went away with unhandled events
05-14 14:45:13.756  1806  1830 D DvrSerialDispatch: [PROTOCOL_TX][station-config-gps-report-gps-14] DVR_GPS_REPORT via rs232_1 -> 55 05 58 00 35 00 00 00 00 00 00 00 00 00 00 00 00 00 00 00 00 00 00 00 79 6F 05 6A 31 30 00 00 00 00 00 00 00 00 00 00 00 00 00 00 00 00 00 00 00 00 00 00 31 30 00 00 00 00 00 00 00 00 00 00 00 00 00 00 00 00 00 00 00 00 00 00 00 00 00 00 69 01 00 00 00 07 01 01 00 00 00 00 73 AA
05-14 14:45:13.756  1806  1830 D DvrSerialDispatch: - bytes=94 / DVR/GPS上报
05-14 14:45:13.757  1806  1830 D M90StubSerial: [PROTOCOL_TX][station-config-gps-report-gps-14] stub send on ttyS3: 55 05 58 00 35 00 00 00 00 00 00 00 00 00 00 00 00 00 00 00 00 00 00 00 79 6F 05 6A 31 30 00 00 00 00 00 00 00 00 00 00 00 00 00 00 00 00 00 00 00 00 00 00 31 30 00 00 00 00 00 00 00 00 00 00 00 00 00 00 00 00 00 00 00 00 00 00 00 00 00 00 69 01 00 00 00 07 01 01 00 00 00 00 73 AA
05-14 14:45:13.759  1806  1830 D M90StubSerial: [PROTOCOL_RX][station-config-gps-report-gps-14-rx] stub recv echo on ttyS3: 55 05 58 00 35 00 00 00 00 00 00 00 00 00 00 00 00 00 00 00 00 00 00 00 79 6F 05 6A 31 30 00 00 00 00 00 00 00 00 00 00 00 00 00 00 00 00 00 00 00 00 00 00 31 30 00 00 00 00 00 00 00 00 00 00 00 00 00 00 00 00 00 00 00 00 00 00 00 00 00 00 69 01 00 00 00 07 01 01 00 00 00 00 73 AA
05-14 14:45:13.760  1806  1830 D DvrSerialMonitor: [PROTOCOL_RX][camera-dvr-context-attach-raw] dvr raw ttyS3 packet=45 bytes=94 hex=55 05 58 00 35 00 00 00 00 00 00 00 00 00 00 00 00 00 00 00 00 00 00 00 79 6F 05 6A 31 30 00 00 00 00 00 00 00 00 00 00 00 00 00 00 00 00 00 00 00 00 00 00 31 30 00 00 00 00 00 00 00 00 00 00 00 00 00 00 00 00 00 00 00 00 00 00 00 00 00 00 69 01 00 00 00 07 01 01 00 00 00 00 73 AA
05-14 14:45:13.762  1806  1830 I DvrSerialMonitor: [BIZ][camera-dvr-context-attach-frame] DVR 入站未知帧 cmd=0x05 len=88 / raw=55 05 58 00 35 00 00 00 00 00 00 00 00 00 00 00 00 00 00 00 00 00 00 00 79 6F 05 6A 31 30 00 00 00 00 00 00 00 00 00 00 00 00 00 00 00 00 00 00 00 00 00 00 31 30 00 00 00 00 00 00 00 00 00 00 00 00 00 00 00 00 00 00 00 00 00 00 00 00 00 00 69 01 00 00 00 07 01 01 00 00 00 00 73 AA
05-14 14:45:15.731  1806  1832 D M90StubSerial: [PROTOCOL_TX][camera-dvr-context-attach-handshake] stub send on ttyS3: 55 01 00 00 56 AA
05-14 14:45:15.732  1806  1832 D M90StubSerial: [PROTOCOL_RX][camera-dvr-context-attach-handshake-rx] stub recv echo on ttyS3: 55 01 00 00 56 AA
05-14 14:45:15.734  1806  1832 I DvrSerialMonitor: [BIZ][camera-dvr-context-attach-frame] DVR 入站未知帧 cmd=0x01 len=0 / raw=55 01 00 00 56 AA
05-14 14:45:18.764  1806  1830 D DvrSerialDispatch: [PROTOCOL_TX][station-config-gps-report-gps-15] DVR_GPS_REPORT via rs232_1 -> 55 05 58 00 35 00 00 00 00 00 00 00 00 00 00 00 00 00 00 00 00 00 00 00 7E 6F 05 6A 31 30 00 00 00 00 00 00 00 00 00 00 00 00 00 00 00 00 00 00 00 00 00 00 31 30 00 00 00 00 00 00 00 00 00 00 00 00 00 00 00 00 00 00 00 00 00 00 00 00 00 00 69 01 00 00 00 07 01 01 00 00 00 00 78 AA
05-14 14:45:18.764  1806  1830 D DvrSerialDispatch: - bytes=94 / DVR/GPS上报
05-14 14:45:18.764  1806  1830 D M90StubSerial: [PROTOCOL_TX][station-config-gps-report-gps-15] stub send on ttyS3: 55 05 58 00 35 00 00 00 00 00 00 00 00 00 00 00 00 00 00 00 00 00 00 00 7E 6F 05 6A 31 30 00 00 00 00 00 00 00 00 00 00 00 00 00 00 00 00 00 00 00 00 00 00 31 30 00 00 00 00 00 00 00 00 00 00 00 00 00 00 00 00 00 00 00 00 00 00 00 00 00 00 69 01 00 00 00 07 01 01 00 00 00 00 78 AA
05-14 14:45:18.764  1806  1830 D M90StubSerial: [PROTOCOL_RX][station-config-gps-report-gps-15-rx] stub recv echo on ttyS3: 55 05 58 00 35 00 00 00 00 00 00 00 00 00 00 00 00 00 00 00 00 00 00 00 7E 6F 05 6A 31 30 00 00 00 00 00 00 00 00 00 00 00 00 00 00 00 00 00 00 00 00 00 00 31 30 00 00 00 00 00 00 00 00 00 00 00 00 00 00 00 00 00 00 00 00 00 00 00 00 00 00 69 01 00 00 00 07 01 01 00 00 00 00 78 AA
05-14 14:45:18.765  1806  1830 I DvrSerialMonitor: [BIZ][camera-dvr-context-attach-frame] DVR 入站未知帧 cmd=0x05 len=88 / raw=55 05 58 00 35 00 00 00 00 00 00 00 00 00 00 00 00 00 00 00 00 00 00 00 7E 6F 05 6A 31 30 00 00 00 00 00 00 00 00 00 00 00 00 00 00 00 00 00 00 00 00 00 00 31 30 00 00 00 00 00 00 00 00 00 00 00 00 00 00 00 00 00 00 00 00 00 00 00 00 00 00 69 01 00 00 00 07 01 01 00 00 00 00 78 AA
05-14 14:45:21.018  1806  1806 I LegacyLoginActivity: [UI][legacy-login-success-1778741121017-0004] 登录成功，进入菜单页
05-14 14:45:21.080  1806  1806 I AppCompatViewInflater: app:theme is now deprecated. Please move to using android:theme instead.
05-14 14:45:21.418  1806  1835 W libEGL  : EGLNativeWindowType 0xb400007d15127f50 disconnect failed
05-14 14:45:22.506  1806  1806 I AppCompatViewInflater: app:theme is now deprecated. Please move to using android:theme instead.
05-14 14:45:22.565  1806  1806 I evice.android11: type=1400 audit(0.0:522): avc: denied { search } for name="mmcblk2" dev="sysfs" ino=26839 scontext=u:r:untrusted_app:s0:c116,c256,c512,c768 tcontext=u:object_r:sysfs_mmc:s0 tclass=dir permissive=1 app=com.lhxy.istationdevice.android11
05-14 14:45:22.566  1806  1806 D StorageManager: probeEmmc find /sys/block/mmcblk2boot0
05-14 14:45:22.888  1806  1835 W libEGL  : EGLNativeWindowType 0xb400007d1510c480 disconnect failed
05-14 14:45:23.736  1806  1832 D M90StubSerial: [PROTOCOL_TX][camera-dvr-context-attach-handshake] stub send on ttyS3: 55 01 00 00 56 AA
05-14 14:45:23.737  1806  1832 D M90StubSerial: [PROTOCOL_RX][camera-dvr-context-attach-handshake-rx] stub recv echo on ttyS3: 55 01 00 00 56 AA
05-14 14:45:23.739  1806  1832 I DvrSerialMonitor: [BIZ][camera-dvr-context-attach-frame] DVR 入站未知帧 cmd=0x01 len=0 / raw=55 01 00 00 56 AA
05-14 14:45:23.768  1806  1830 D DvrSerialDispatch: [PROTOCOL_TX][station-config-gps-report-gps-16] DVR_GPS_REPORT via rs232_1 -> 55 05 58 00 35 00 00 00 00 00 00 00 00 00 00 00 00 00 00 00 00 00 00 00 83 6F 05 6A 31 30 00 00 00 00 00 00 00 00 00 00 00 00 00 00 00 00 00 00 00 00 00 00 31 30 00 00 00 00 00 00 00 00 00 00 00 00 00 00 00 00 00 00 00 00 00 00 00 00 00 00 69 01 00 00 00 07 01 01 00 00 00 00 7D AA
05-14 14:45:23.768  1806  1830 D DvrSerialDispatch: - bytes=94 / DVR/GPS上报
05-14 14:45:23.770  1806  1830 D M90StubSerial: [PROTOCOL_TX][station-config-gps-report-gps-16] stub send on ttyS3: 55 05 58 00 35 00 00 00 00 00 00 00 00 00 00 00 00 00 00 00 00 00 00 00 83 6F 05 6A 31 30 00 00 00 00 00 00 00 00 00 00 00 00 00 00 00 00 00 00 00 00 00 00 31 30 00 00 00 00 00 00 00 00 00 00 00 00 00 00 00 00 00 00 00 00 00 00 00 00 00 00 69 01 00 00 00 07 01 01 00 00 00 00 7D AA
05-14 14:45:23.771  1806  1830 D M90StubSerial: [PROTOCOL_RX][station-config-gps-report-gps-16-rx] stub recv echo on ttyS3: 55 05 58 00 35 00 00 00 00 00 00 00 00 00 00 00 00 00 00 00 00 00 00 00 83 6F 05 6A 31 30 00 00 00 00 00 00 00 00 00 00 00 00 00 00 00 00 00 00 00 00 00 00 31 30 00 00 00 00 00 00 00 00 00 00 00 00 00 00 00 00 00 00 00 00 00 00 00 00 00 00 69 01 00 00 00 07 01 01 00 00 00 00 7D AA
05-14 14:45:23.772  1806  1830 D DvrSerialMonitor: [PROTOCOL_RX][camera-dvr-context-attach-raw] dvr raw ttyS3 packet=49 bytes=94 hex=55 05 58 00 35 00 00 00 00 00 00 00 00 00 00 00 00 00 00 00 00 00 00 00 83 6F 05 6A 31 30 00 00 00 00 00 00 00 00 00 00 00 00 00 00 00 00 00 00 00 00 00 00 31 30 00 00 00 00 00 00 00 00 00 00 00 00 00 00 00 00 00 00 00 00 00 00 00 00 00 00 69 01 00 00 00 07 01 01 00 00 00 00 7D AA
05-14 14:45:23.774  1806  1830 I DvrSerialMonitor: [BIZ][camera-dvr-context-attach-frame] DVR 入站未知帧 cmd=0x05 len=88 / raw=55 05 58 00 35 00 00 00 00 00 00 00 00 00 00 00 00 00 00 00 00 00 00 00 83 6F 05 6A 31 30 00 00 00 00 00 00 00 00 00 00 00 00 00 00 00 00 00 00 00 00 00 00 31 30 00 00 00 00 00 00 00 00 00 00 00 00 00 00 00 00 00 00 00 00 00 00 00 00 00 00 69 01 00 00 00 07 01 01 00 00 00 00 7D AA
05-14 14:45:24.850  1806  2183 I TerminalModuleHub: [BIZ][legacy-file-manage-export_bundle-1778741124849-0005] 开始执行模块动作 module=file / action=export_bundle
05-14 14:45:24.852  1806  1835 W libEGL  : EGLNativeWindowType 0xb400007d1510c480 disconnect failed
05-14 14:45:24.852  1806  1835 D OpenGLRenderer: endAllActiveAnimators on 0xb400007c9508fc40 (RippleDrawable) with handle 0xb400007bb50505e0
05-14 14:45:25.656  1806  1820 I evice.android1: ThreadFlipBegin blocked for 7.868ms
05-14 14:45:26.641  2195  2195 I getprop : type=1400 audit(0.0:523): avc: denied { open } for path="/dev/__properties__/u:object_r:adbd_prop:s0" dev="tmpfs" ino=11184 scontext=u:r:untrusted_app:s0:c116,c256,c512,c768 tcontext=u:object_r:adbd_prop:s0 tclass=file permissive=1 app=com.lhxy.istationdevice.android11
05-14 14:45:26.641  2195  2195 I getprop : type=1400 audit(0.0:524): avc: denied { getattr } for path="/dev/__properties__/u:object_r:adbd_prop:s0" dev="tmpfs" ino=11184 scontext=u:r:untrusted_app:s0:c116,c256,c512,c768 tcontext=u:object_r:adbd_prop:s0 tclass=file permissive=1 app=com.lhxy.istationdevice.android11
05-14 14:45:26.641  2195  2195 I getprop : type=1400 audit(0.0:525): avc: denied { map } for path="/dev/__properties__/u:object_r:adbd_prop:s0" dev="tmpfs" ino=11184 scontext=u:r:untrusted_app:s0:c116,c256,c512,c768 tcontext=u:object_r:adbd_prop:s0 tclass=file permissive=1 app=com.lhxy.istationdevice.android11
05-14 14:45:26.641  2195  2195 I getprop : type=1400 audit(0.0:526): avc: denied { open } for path="/dev/__properties__/u:object_r:apexd_prop:s0" dev="tmpfs" ino=11185 scontext=u:r:untrusted_app:s0:c116,c256,c512,c768 tcontext=u:object_r:apexd_prop:s0 tclass=file permissive=1 app=com.lhxy.istationdevice.android11
05-14 14:45:26.641  2195  2195 I getprop : type=1400 audit(0.0:527): avc: denied { getattr } for path="/dev/__properties__/u:object_r:apexd_prop:s0" dev="tmpfs" ino=11185 scontext=u:r:untrusted_app:s0:c116,c256,c512,c768 tcontext=u:object_r:apexd_prop:s0 tclass=file permissive=1 app=com.lhxy.istationdevice.android11
05-14 14:45:26.641  2195  2195 I getprop : type=1400 audit(0.0:528): avc: denied { map } for path="/dev/__properties__/u:object_r:apexd_prop:s0" dev="tmpfs" ino=11185 scontext=u:r:untrusted_app:s0:c116,c256,c512,c768 tcontext=u:object_r:apexd_prop:s0 tclass=file permissive=1 app=com.lhxy.istationdevice.android11
05-14 14:45:27.745  2222  2222 I df      : type=1400 audit(0.0:825): avc: denied { getattr } for path="/metadata" dev="mmcblk2p11" ino=2 scontext=u:r:untrusted_app:s0:c116,c256,c512,c768 tcontext=u:object_r:metadata_file:s0 tclass=dir permissive=1 app=com.lhxy.istationdevice.android11
